// Jest Snapshot v1, https://goo.gl/fbAQLP

exports[`renders the layout 1`] = `ShallowWrapper {}`;
